../modbus1 microtechnics/port/src/portserial.c:48:6:vMBPortSerialEnable	16	static
../modbus1 microtechnics/port/src/portserial.c:81:6:xMBPortSerialInit	16	static
../modbus1 microtechnics/port/src/portserial.c:89:6:xMBPortSerialPutByte	16	static
../modbus1 microtechnics/port/src/portserial.c:99:6:xMBPortSerialGetByte	16	static
../modbus1 microtechnics/port/src/portserial.c:109:13:prvvUARTTxReadyISR	8	static
../modbus1 microtechnics/port/src/portserial.c:117:13:prvvUARTRxISR	8	static
../modbus1 microtechnics/port/src/portserial.c:125:6:HAL_UART_TxCpltCallback	16	static
../modbus1 microtechnics/port/src/portserial.c:136:6:HAL_UART_RxCpltCallback	16	static
