../Core/Src/main.c:130:5:main	24	static
../Core/Src/main.c:263:6:SystemClock_Config	96	static
../Core/Src/main.c:315:13:MX_SPI3_Init	8	static
../Core/Src/main.c:355:13:MX_TIM1_Init	40	static
../Core/Src/main.c:402:13:MX_TIM2_Init	72	static
../Core/Src/main.c:476:13:MX_USART2_UART_Init	8	static
../Core/Src/main.c:511:13:MX_GPIO_Init	40	static
../Core/Src/main.c:542:14:eMBRegInputCB	24	static
../Core/Src/main.c:566:14:eMBRegHoldingCB	24	static
../Core/Src/main.c:572:14:eMBRegCoilsCB	24	static
../Core/Src/main.c:578:14:eMBRegDiscreteCB	16	static
../Core/Src/main.c:593:6:HAL_TIM_IC_CaptureCallback	400	static
../Core/Src/main.c:620:6:Error_Handler	4	static,ignoring_inline_asm
