../modbus1 microtechnics/rtu/src/mbrtu.c:80:1:eMBRTUInit	16	static
../modbus1 microtechnics/rtu/src/mbrtu.c:125:1:eMBRTUStart	8	static
../modbus1 microtechnics/rtu/src/mbrtu.c:141:1:eMBRTUStop	8	static
../modbus1 microtechnics/rtu/src/mbrtu.c:150:1:eMBRTUReceive	32	static
../modbus1 microtechnics/rtu/src/mbrtu.c:186:1:eMBRTUSend	24	static
../modbus1 microtechnics/rtu/src/mbrtu.c:225:1:xMBRTUReceiveFSM	16	static
../modbus1 microtechnics/rtu/src/mbrtu.c:285:1:xMBRTUTransmitFSM	24	static
../modbus1 microtechnics/rtu/src/mbrtu.c:323:1:xMBRTUTimerT35Expired	16	static
